// Jest Snapshot v1, https://goo.gl/fbAQLP

exports[`renders correctly 1`] = `
<div
  className="MuiBox-root MuiBox-root-4"
>
  <div
    className="moduleContent"
  >
    <form
      onSubmit={[Function]}
    >
      <div
        className="MuiGrid-root MuiGrid-container MuiGrid-align-items-xs-center MuiGrid-justify-xs-space-between"
      >
        <div
          className="MuiGrid-root MuiGrid-item MuiGrid-grid-xs-12 MuiGrid-grid-sm-12 MuiGrid-grid-md-12 MuiGrid-grid-lg-12"
        >
          <div
            className="MuiBox-root MuiBox-root-108"
          >
            <h1
              className="MuiTypography-root makeStyles-moduleSubTitle-1 MuiTypography-h6"
            >
              Personal Information
            </h1>
          </div>
        </div>
        <div
          className="MuiGrid-root MuiGrid-item MuiGrid-grid-xs-12 MuiGrid-grid-sm-12 MuiGrid-grid-md-5 MuiGrid-grid-lg-5"
        >
          <div
            className="MuiBox-root MuiBox-root-139"
          >
            <div
              className="MuiFormControl-root MuiTextField-root ajaxLabel MuiFormControl-marginNormal MuiFormControl-fullWidth"
            >
              <label
                className="MuiFormLabel-root MuiInputLabel-root MuiInputLabel-formControl MuiInputLabel-animated MuiInputLabel-shrink MuiInputLabel-outlined Mui-disabled Mui-disabled"
                data-shrink={true}
                htmlFor="firstName"
              >
                First name
              </label>
              <div
                className="MuiInputBase-root MuiOutlinedInput-root Mui-disabled Mui-disabled MuiInputBase-fullWidth MuiInputBase-formControl"
                onClick={[Function]}
              >
                <fieldset
                  aria-hidden={true}
                  className="PrivateNotchedOutline-root-197 MuiOutlinedInput-notchedOutline"
                  style={
                    Object {
                      "paddingLeft": 8,
                    }
                  }
                >
                  <legend
                    className="PrivateNotchedOutline-legend-198"
                    style={
                      Object {
                        "width": 0,
                      }
                    }
                  >
                    <span
                      dangerouslySetInnerHTML={
                        Object {
                          "__html": "&#8203;",
                        }
                      }
                    />
                  </legend>
                </fieldset>
                <input
                  aria-invalid={false}
                  className="MuiInputBase-input MuiOutlinedInput-input Mui-disabled Mui-disabled"
                  disabled={true}
                  id="firstName"
                  name="firstName"
                  onBlur={[Function]}
                  onChange={[Function]}
                  onFocus={[Function]}
                  required={false}
                  type="text"
                  value=""
                />
              </div>
            </div>
          </div>
        </div>
        <div
          className="MuiGrid-root MuiGrid-item MuiGrid-grid-xs-12 MuiGrid-grid-sm-12 MuiGrid-grid-md-5 MuiGrid-grid-lg-2"
        >
          <div
            className="MuiBox-root MuiBox-root-199"
          >
            <div
              className="MuiFormControl-root MuiTextField-root ajaxLabel MuiFormControl-marginNormal MuiFormControl-fullWidth"
            >
              <label
                className="MuiFormLabel-root MuiInputLabel-root MuiInputLabel-formControl MuiInputLabel-animated MuiInputLabel-shrink MuiInputLabel-outlined Mui-disabled Mui-disabled"
                data-shrink={true}
                htmlFor="middleName"
              >
                Middle name
              </label>
              <div
                className="MuiInputBase-root MuiOutlinedInput-root Mui-disabled Mui-disabled MuiInputBase-fullWidth MuiInputBase-formControl"
                onClick={[Function]}
              >
                <fieldset
                  aria-hidden={true}
                  className="PrivateNotchedOutline-root-197 MuiOutlinedInput-notchedOutline"
                  style={
                    Object {
                      "paddingLeft": 8,
                    }
                  }
                >
                  <legend
                    className="PrivateNotchedOutline-legend-198"
                    style={
                      Object {
                        "width": 0,
                      }
                    }
                  >
                    <span
                      dangerouslySetInnerHTML={
                        Object {
                          "__html": "&#8203;",
                        }
                      }
                    />
                  </legend>
                </fieldset>
                <input
                  aria-invalid={false}
                  className="MuiInputBase-input MuiOutlinedInput-input Mui-disabled Mui-disabled"
                  disabled={true}
                  id="middleName"
                  name="middleName"
                  onBlur={[Function]}
                  onChange={[Function]}
                  onFocus={[Function]}
                  required={false}
                  type="text"
                  value=""
                />
              </div>
            </div>
          </div>
        </div>
        <div
          className="MuiGrid-root MuiGrid-item MuiGrid-grid-xs-12 MuiGrid-grid-sm-12 MuiGrid-grid-md-5 MuiGrid-grid-lg-5"
        >
          <div
            className="MuiBox-root MuiBox-root-200"
          >
            <div
              className="MuiFormControl-root MuiTextField-root ajaxLabel MuiFormControl-marginNormal MuiFormControl-fullWidth"
            >
              <label
                className="MuiFormLabel-root MuiInputLabel-root MuiInputLabel-formControl MuiInputLabel-animated MuiInputLabel-shrink MuiInputLabel-outlined Mui-disabled Mui-disabled"
                data-shrink={true}
                htmlFor="lastName"
              >
                Last name
              </label>
              <div
                className="MuiInputBase-root MuiOutlinedInput-root Mui-disabled Mui-disabled MuiInputBase-fullWidth MuiInputBase-formControl"
                onClick={[Function]}
              >
                <fieldset
                  aria-hidden={true}
                  className="PrivateNotchedOutline-root-197 MuiOutlinedInput-notchedOutline"
                  style={
                    Object {
                      "paddingLeft": 8,
                    }
                  }
                >
                  <legend
                    className="PrivateNotchedOutline-legend-198"
                    style={
                      Object {
                        "width": 0,
                      }
                    }
                  >
                    <span
                      dangerouslySetInnerHTML={
                        Object {
                          "__html": "&#8203;",
                        }
                      }
                    />
                  </legend>
                </fieldset>
                <input
                  aria-invalid={false}
                  className="MuiInputBase-input MuiOutlinedInput-input Mui-disabled Mui-disabled"
                  disabled={true}
                  id="lastName"
                  name="lastName"
                  onBlur={[Function]}
                  onChange={[Function]}
                  onFocus={[Function]}
                  required={false}
                  type="text"
                  value=""
                />
              </div>
            </div>
          </div>
        </div>
        <div
          className="MuiGrid-root MuiGrid-item MuiGrid-grid-xs-12 MuiGrid-grid-sm-12 MuiGrid-grid-md-6 MuiGrid-grid-lg-6"
        >
          <div
            className="MuiBox-root MuiBox-root-201"
          >
            <div
              className="MuiFormControl-root MuiTextField-root ajaxLabel MuiFormControl-marginNormal MuiFormControl-fullWidth"
            >
              <label
                className="MuiFormLabel-root MuiInputLabel-root MuiInputLabel-formControl MuiInputLabel-animated MuiInputLabel-shrink MuiInputLabel-outlined"
                data-shrink={true}
                htmlFor="phoneNumber"
              >
                Phone
              </label>
              <div
                className="MuiInputBase-root MuiOutlinedInput-root MuiInputBase-fullWidth MuiInputBase-formControl"
                onClick={[Function]}
              >
                <fieldset
                  aria-hidden={true}
                  className="PrivateNotchedOutline-root-197 MuiOutlinedInput-notchedOutline"
                  style={
                    Object {
                      "paddingLeft": 8,
                    }
                  }
                >
                  <legend
                    className="PrivateNotchedOutline-legend-198"
                    style={
                      Object {
                        "width": 0,
                      }
                    }
                  >
                    <span
                      dangerouslySetInnerHTML={
                        Object {
                          "__html": "&#8203;",
                        }
                      }
                    />
                  </legend>
                </fieldset>
                <input
                  aria-invalid={false}
                  className="MuiInputBase-input MuiOutlinedInput-input"
                  disabled={false}
                  id="phoneNumber"
                  name="phoneNumber"
                  onBlur={[Function]}
                  onChange={[Function]}
                  onFocus={[Function]}
                  required={false}
                  type="text"
                  value=""
                />
              </div>
            </div>
          </div>
        </div>
        <div
          className="MuiGrid-root MuiGrid-item MuiGrid-grid-xs-12 MuiGrid-grid-sm-12 MuiGrid-grid-md-6 MuiGrid-grid-lg-6"
        >
          <div
            className="MuiBox-root MuiBox-root-202"
          >
            <div
              className="MuiFormControl-root MuiTextField-root ajaxLabel MuiFormControl-marginNormal MuiFormControl-fullWidth"
            >
              <label
                className="MuiFormLabel-root MuiInputLabel-root MuiInputLabel-formControl MuiInputLabel-animated MuiInputLabel-shrink MuiInputLabel-outlined"
                data-shrink={true}
                htmlFor="emailAddress"
              >
                Email address
              </label>
              <div
                className="MuiInputBase-root MuiOutlinedInput-root MuiInputBase-fullWidth MuiInputBase-formControl"
                onClick={[Function]}
              >
                <fieldset
                  aria-hidden={true}
                  className="PrivateNotchedOutline-root-197 MuiOutlinedInput-notchedOutline"
                  style={
                    Object {
                      "paddingLeft": 8,
                    }
                  }
                >
                  <legend
                    className="PrivateNotchedOutline-legend-198"
                    style={
                      Object {
                        "width": 0,
                      }
                    }
                  >
                    <span
                      dangerouslySetInnerHTML={
                        Object {
                          "__html": "&#8203;",
                        }
                      }
                    />
                  </legend>
                </fieldset>
                <input
                  aria-invalid={false}
                  className="MuiInputBase-input MuiOutlinedInput-input"
                  disabled={false}
                  id="emailAddress"
                  name="emailAddress"
                  onBlur={[Function]}
                  onChange={[Function]}
                  onFocus={[Function]}
                  required={false}
                  type="text"
                  value=""
                />
              </div>
            </div>
          </div>
        </div>
        <div
          className="MuiGrid-root MuiGrid-item MuiGrid-grid-xs-12 MuiGrid-grid-sm-12 MuiGrid-grid-md-6 MuiGrid-grid-lg-6"
        >
          <div
            className="MuiBox-root MuiBox-root-203"
          >
            <div
              className="MuiFormControl-root MuiTextField-root ajaxLabel MuiFormControl-marginNormal MuiFormControl-fullWidth"
            >
              <label
                className="MuiFormLabel-root MuiInputLabel-root MuiInputLabel-formControl MuiInputLabel-animated MuiInputLabel-shrink MuiInputLabel-outlined"
                data-shrink={true}
                htmlFor="line1"
              >
                Address
              </label>
              <div
                className="MuiInputBase-root MuiOutlinedInput-root MuiInputBase-fullWidth MuiInputBase-formControl"
                onClick={[Function]}
              >
                <fieldset
                  aria-hidden={true}
                  className="PrivateNotchedOutline-root-197 MuiOutlinedInput-notchedOutline"
                  style={
                    Object {
                      "paddingLeft": 8,
                    }
                  }
                >
                  <legend
                    className="PrivateNotchedOutline-legend-198"
                    style={
                      Object {
                        "width": 0,
                      }
                    }
                  >
                    <span
                      dangerouslySetInnerHTML={
                        Object {
                          "__html": "&#8203;",
                        }
                      }
                    />
                  </legend>
                </fieldset>
                <input
                  aria-invalid={false}
                  className="MuiInputBase-input MuiOutlinedInput-input"
                  disabled={false}
                  id="line1"
                  name="line1"
                  onBlur={[Function]}
                  onChange={[Function]}
                  onFocus={[Function]}
                  required={false}
                  type="text"
                  value=""
                />
              </div>
            </div>
          </div>
        </div>
        <div
          className="MuiGrid-root MuiGrid-item MuiGrid-grid-xs-12 MuiGrid-grid-sm-12 MuiGrid-grid-md-6 MuiGrid-grid-lg-6"
        >
          <div
            className="MuiBox-root MuiBox-root-204"
          >
            <div
              className="MuiFormControl-root MuiTextField-root ajaxLabel MuiFormControl-marginNormal MuiFormControl-fullWidth"
            >
              <label
                className="MuiFormLabel-root MuiInputLabel-root MuiInputLabel-formControl MuiInputLabel-animated MuiInputLabel-shrink MuiInputLabel-outlined"
                data-shrink={true}
                htmlFor="line2"
              >
                Address (continued)
              </label>
              <div
                className="MuiInputBase-root MuiOutlinedInput-root MuiInputBase-fullWidth MuiInputBase-formControl"
                onClick={[Function]}
              >
                <fieldset
                  aria-hidden={true}
                  className="PrivateNotchedOutline-root-197 MuiOutlinedInput-notchedOutline"
                  style={
                    Object {
                      "paddingLeft": 8,
                    }
                  }
                >
                  <legend
                    className="PrivateNotchedOutline-legend-198"
                    style={
                      Object {
                        "width": 0,
                      }
                    }
                  >
                    <span
                      dangerouslySetInnerHTML={
                        Object {
                          "__html": "&#8203;",
                        }
                      }
                    />
                  </legend>
                </fieldset>
                <input
                  aria-invalid={false}
                  className="MuiInputBase-input MuiOutlinedInput-input"
                  disabled={false}
                  id="line2"
                  name="line2"
                  onBlur={[Function]}
                  onChange={[Function]}
                  onFocus={[Function]}
                  required={false}
                  type="text"
                  value=""
                />
              </div>
            </div>
          </div>
        </div>
        <div
          className="MuiGrid-root MuiGrid-item MuiGrid-grid-xs-12 MuiGrid-grid-sm-12 MuiGrid-grid-md-6 MuiGrid-grid-lg-5"
        >
          <div
            className="MuiBox-root MuiBox-root-205"
          >
            <div
              className="MuiFormControl-root MuiTextField-root ajaxLabel MuiFormControl-marginNormal MuiFormControl-fullWidth"
            >
              <label
                className="MuiFormLabel-root MuiInputLabel-root MuiInputLabel-formControl MuiInputLabel-animated MuiInputLabel-shrink MuiInputLabel-outlined"
                data-shrink={true}
                htmlFor="city"
              >
                City
              </label>
              <div
                className="MuiInputBase-root MuiOutlinedInput-root MuiInputBase-fullWidth MuiInputBase-formControl"
                onClick={[Function]}
              >
                <fieldset
                  aria-hidden={true}
                  className="PrivateNotchedOutline-root-197 MuiOutlinedInput-notchedOutline"
                  style={
                    Object {
                      "paddingLeft": 8,
                    }
                  }
                >
                  <legend
                    className="PrivateNotchedOutline-legend-198"
                    style={
                      Object {
                        "width": 0,
                      }
                    }
                  >
                    <span
                      dangerouslySetInnerHTML={
                        Object {
                          "__html": "&#8203;",
                        }
                      }
                    />
                  </legend>
                </fieldset>
                <input
                  aria-invalid={false}
                  className="MuiInputBase-input MuiOutlinedInput-input"
                  disabled={false}
                  id="city"
                  name="city"
                  onBlur={[Function]}
                  onChange={[Function]}
                  onFocus={[Function]}
                  required={false}
                  type="text"
                  value=""
                />
              </div>
            </div>
          </div>
        </div>
        <div
          className="MuiGrid-root MuiGrid-item MuiGrid-grid-xs-12 MuiGrid-grid-sm-12 MuiGrid-grid-md-6 MuiGrid-grid-lg-5"
        >
          <div
            className="MuiBox-root MuiBox-root-206"
          >
            <div
              className="MuiFormControl-root makeStyles-formControl-2 MuiFormControl-marginNormal MuiFormControl-fullWidth"
            >
              <label
                className="MuiFormLabel-root MuiInputLabel-root ajaxLabel MuiInputLabel-formControl MuiInputLabel-animated MuiInputLabel-shrink"
                data-shrink={true}
                htmlFor="state"
              >
                State
              </label>
              <div
                className="MuiInputBase-root MuiOutlinedInput-root MuiInputBase-formControl"
                onClick={[Function]}
              >
                <fieldset
                  aria-hidden={true}
                  className="PrivateNotchedOutline-root-197 MuiOutlinedInput-notchedOutline"
                  style={
                    Object {
                      "paddingLeft": 8,
                    }
                  }
                >
                  <legend
                    className="PrivateNotchedOutline-legend-198"
                    style={
                      Object {
                        "width": 0.01,
                      }
                    }
                  >
                    <span
                      dangerouslySetInnerHTML={
                        Object {
                          "__html": "&#8203;",
                        }
                      }
                    />
                  </legend>
                </fieldset>
                <select
                  aria-invalid={false}
                  className="MuiSelect-root MuiSelect-select MuiInputBase-input MuiOutlinedInput-input MuiInputBase-inputSelect MuiOutlinedInput-inputSelect"
                  disabled={false}
                  id="state"
                  multiple={false}
                  name="state"
                  onBlur={[Function]}
                  onChange={[Function]}
                  onFocus={[Function]}
                  required={false}
                  value=""
                >
                  <option
                    value="AA"
                  >
                    Armed Forces Americas
                  </option>
                  <option
                    value="AE"
                  >
                    Armed Forces Europe
                  </option>
                  <option
                    value="AM"
                  >
                    Armed Forces Middle East
                  </option>
                  <option
                    value="AP"
                  >
                    Armed Forces Pacific
                  </option>
                  <option
                    value="AC"
                  >
                    Armed Forces Atlantic Coast
                  </option>
                  <option
                    value="AL"
                  >
                    Alabama
                  </option>
                  <option
                    value="AK"
                  >
                    Alaska
                  </option>
                  <option
                    value="AS"
                  >
                    American Samoa
                  </option>
                  <option
                    value="AZ"
                  >
                    Arizona
                  </option>
                  <option
                    value="AR"
                  >
                    Arkansas
                  </option>
                  <option
                    value="CA"
                  >
                    California
                  </option>
                  <option
                    value="CO"
                  >
                    Colorado
                  </option>
                  <option
                    value="CT"
                  >
                    Connecticut
                  </option>
                  <option
                    value="DE"
                  >
                    Delaware
                  </option>
                  <option
                    value="DC"
                  >
                    District Of Columbia
                  </option>
                  <option
                    value="FM"
                  >
                    Federated States Of Micronesia
                  </option>
                  <option
                    value="FL"
                  >
                    Florida
                  </option>
                  <option
                    value="GA"
                  >
                    Georgia
                  </option>
                  <option
                    value="GU"
                  >
                    Guam
                  </option>
                  <option
                    value="HI"
                  >
                    Hawaii
                  </option>
                  <option
                    value="ID"
                  >
                    Idaho
                  </option>
                  <option
                    value="IL"
                  >
                    Illinois
                  </option>
                  <option
                    value="IN"
                  >
                    Indiana
                  </option>
                  <option
                    value="IA"
                  >
                    Iowa
                  </option>
                  <option
                    value="KS"
                  >
                    Kansas
                  </option>
                  <option
                    value="KY"
                  >
                    Kentucky
                  </option>
                  <option
                    value="LA"
                  >
                    Louisiana
                  </option>
                  <option
                    value="ME"
                  >
                    Maine
                  </option>
                  <option
                    value="MH"
                  >
                    Marshall Islands
                  </option>
                  <option
                    value="MD"
                  >
                    Maryland
                  </option>
                  <option
                    value="MA"
                  >
                    Massachusetts
                  </option>
                  <option
                    value="MI"
                  >
                    Michigan
                  </option>
                  <option
                    value="MN"
                  >
                    Minnesota
                  </option>
                  <option
                    value="MS"
                  >
                    Mississippi
                  </option>
                  <option
                    value="MO"
                  >
                    Missouri
                  </option>
                  <option
                    value="MT"
                  >
                    Montana
                  </option>
                  <option
                    value="NE"
                  >
                    Nebraska
                  </option>
                  <option
                    value="NV"
                  >
                    Nevada
                  </option>
                  <option
                    value="NH"
                  >
                    New Hampshire
                  </option>
                  <option
                    value="NJ"
                  >
                    New Jersey
                  </option>
                  <option
                    value="NM"
                  >
                    New Mexico
                  </option>
                  <option
                    value="NY"
                  >
                    New York
                  </option>
                  <option
                    value="NC"
                  >
                    North Carolina
                  </option>
                  <option
                    value="ND"
                  >
                    North Dakota
                  </option>
                  <option
                    value="MP"
                  >
                    Northern Mariana Islands
                  </option>
                  <option
                    value="OH"
                  >
                    Ohio
                  </option>
                  <option
                    value="OK"
                  >
                    Oklahoma
                  </option>
                  <option
                    value="OR"
                  >
                    Oregon
                  </option>
                  <option
                    value="PW"
                  >
                    Palau
                  </option>
                  <option
                    value="PA"
                  >
                    Pennsylvania
                  </option>
                  <option
                    value="PR"
                  >
                    Puerto Rico
                  </option>
                  <option
                    value="RI"
                  >
                    Rhode Island
                  </option>
                  <option
                    value="SC"
                  >
                    South Carolina
                  </option>
                  <option
                    value="SD"
                  >
                    South Dakota
                  </option>
                  <option
                    value="TN"
                  >
                    Tennessee
                  </option>
                  <option
                    value="TX"
                  >
                    Texas
                  </option>
                  <option
                    value="UT"
                  >
                    Utah
                  </option>
                  <option
                    value="VT"
                  >
                    Vermont
                  </option>
                  <option
                    value="VI"
                  >
                    Virgin Islands
                  </option>
                  <option
                    value="VA"
                  >
                    Virginia
                  </option>
                  <option
                    value="WA"
                  >
                    Washington
                  </option>
                  <option
                    value="WV"
                  >
                    West Virginia
                  </option>
                  <option
                    value="WI"
                  >
                    Wisconsin
                  </option>
                  <option
                    value="WY"
                  >
                    Wyoming
                  </option>
                </select>
                <svg
                  aria-hidden="true"
                  className="MuiSvgIcon-root MuiSelect-icon"
                  focusable="false"
                  role="presentation"
                  viewBox="0 0 24 24"
                >
                  <path
                    d="M7 10l5 5 5-5z"
                  />
                </svg>
              </div>
            </div>
          </div>
        </div>
        <div
          className="MuiGrid-root MuiGrid-item MuiGrid-grid-xs-12 MuiGrid-grid-sm-12 MuiGrid-grid-md-6 MuiGrid-grid-lg-2"
        >
          <div
            className="MuiBox-root MuiBox-root-223"
          >
            <div
              className="MuiFormControl-root MuiTextField-root ajaxLabel MuiFormControl-marginNormal MuiFormControl-fullWidth"
            >
              <label
                className="MuiFormLabel-root MuiInputLabel-root MuiInputLabel-formControl MuiInputLabel-animated MuiInputLabel-shrink MuiInputLabel-outlined"
                data-shrink={true}
                htmlFor="zipcode"
              >
                Zip
              </label>
              <div
                className="MuiInputBase-root MuiOutlinedInput-root MuiInputBase-fullWidth MuiInputBase-formControl"
                onClick={[Function]}
              >
                <fieldset
                  aria-hidden={true}
                  className="PrivateNotchedOutline-root-197 MuiOutlinedInput-notchedOutline"
                  style={
                    Object {
                      "paddingLeft": 8,
                    }
                  }
                >
                  <legend
                    className="PrivateNotchedOutline-legend-198"
                    style={
                      Object {
                        "width": 0,
                      }
                    }
                  >
                    <span
                      dangerouslySetInnerHTML={
                        Object {
                          "__html": "&#8203;",
                        }
                      }
                    />
                  </legend>
                </fieldset>
                <input
                  aria-invalid={false}
                  className="MuiInputBase-input MuiOutlinedInput-input"
                  disabled={false}
                  id="zipcode"
                  name="zipcode"
                  onBlur={[Function]}
                  onChange={[Function]}
                  onFocus={[Function]}
                  required={false}
                  type="text"
                  value=""
                />
              </div>
            </div>
          </div>
        </div>
        <div
          className="MuiGrid-root MuiGrid-item MuiGrid-grid-xs-12 MuiGrid-grid-sm-12 MuiGrid-grid-md-12 MuiGrid-grid-lg-12"
        >
          <div
            className="MuiBox-root MuiBox-root-224"
          >
            <button
              className="MuiButtonBase-root MuiButton-root MuiButton-contained MuiButton-containedPrimary"
              disabled={false}
              onBlur={[Function]}
              onDragLeave={[Function]}
              onFocus={[Function]}
              onKeyDown={[Function]}
              onKeyUp={[Function]}
              onMouseDown={[Function]}
              onMouseLeave={[Function]}
              onMouseUp={[Function]}
              onTouchEnd={[Function]}
              onTouchMove={[Function]}
              onTouchStart={[Function]}
              tabIndex={0}
              type="submit"
            >
              <span
                className="MuiButton-label"
              >
                Request Update
              </span>
            </button>
          </div>
        </div>
      </div>
    </form>
    <div
      className="MuiGrid-root MuiGrid-container MuiGrid-align-items-xs-center MuiGrid-justify-xs-space-between"
    >
      <div
        className="MuiGrid-root MuiGrid-item MuiGrid-grid-xs-12 MuiGrid-grid-sm-12 MuiGrid-grid-md-12 MuiGrid-grid-lg-12"
      >
        <div
          className="MuiBox-root MuiBox-root-245"
        >
          <h1
            className="MuiTypography-root makeStyles-moduleSubTitle-1 MuiTypography-h6"
          >
            Authorized Contact Information
          </h1>
        </div>
      </div>
      <div
        className="MuiGrid-root MuiGrid-item MuiGrid-grid-xs-12 MuiGrid-grid-sm-12 MuiGrid-grid-md-5 MuiGrid-grid-lg-5"
      >
        <div
          className="MuiBox-root MuiBox-root-246"
        >
          <div
            className="MuiFormControl-root MuiTextField-root ajaxLabel MuiFormControl-marginNormal MuiFormControl-fullWidth"
          >
            <label
              className="MuiFormLabel-root MuiInputLabel-root MuiInputLabel-formControl MuiInputLabel-animated MuiInputLabel-shrink MuiInputLabel-outlined Mui-disabled Mui-disabled"
              data-shrink={true}
              htmlFor="contactFirstName"
            >
              First name
            </label>
            <div
              className="MuiInputBase-root MuiOutlinedInput-root Mui-disabled Mui-disabled MuiInputBase-fullWidth MuiInputBase-formControl"
              onClick={[Function]}
            >
              <fieldset
                aria-hidden={true}
                className="PrivateNotchedOutline-root-197 MuiOutlinedInput-notchedOutline"
                style={
                  Object {
                    "paddingLeft": 8,
                  }
                }
              >
                <legend
                  className="PrivateNotchedOutline-legend-198"
                  style={
                    Object {
                      "width": 0,
                    }
                  }
                >
                  <span
                    dangerouslySetInnerHTML={
                      Object {
                        "__html": "&#8203;",
                      }
                    }
                  />
                </legend>
              </fieldset>
              <input
                aria-invalid={false}
                className="MuiInputBase-input MuiOutlinedInput-input Mui-disabled Mui-disabled"
                disabled={true}
                id="contactFirstName"
                name="contactFirstName"
                onBlur={[Function]}
                onChange={[Function]}
                onFocus={[Function]}
                required={false}
                type="text"
                value=""
              />
            </div>
          </div>
        </div>
      </div>
      <div
        className="MuiGrid-root MuiGrid-item MuiGrid-grid-xs-12 MuiGrid-grid-sm-12 MuiGrid-grid-md-5 MuiGrid-grid-lg-2"
      >
        <div
          className="MuiBox-root MuiBox-root-247"
        >
          <div
            className="MuiFormControl-root MuiTextField-root ajaxLabel MuiFormControl-marginNormal MuiFormControl-fullWidth"
          >
            <label
              className="MuiFormLabel-root MuiInputLabel-root MuiInputLabel-formControl MuiInputLabel-animated MuiInputLabel-shrink MuiInputLabel-outlined Mui-disabled Mui-disabled"
              data-shrink={true}
              htmlFor="contactMiddleName"
            >
              Middle name
            </label>
            <div
              className="MuiInputBase-root MuiOutlinedInput-root Mui-disabled Mui-disabled MuiInputBase-fullWidth MuiInputBase-formControl"
              onClick={[Function]}
            >
              <fieldset
                aria-hidden={true}
                className="PrivateNotchedOutline-root-197 MuiOutlinedInput-notchedOutline"
                style={
                  Object {
                    "paddingLeft": 8,
                  }
                }
              >
                <legend
                  className="PrivateNotchedOutline-legend-198"
                  style={
                    Object {
                      "width": 0,
                    }
                  }
                >
                  <span
                    dangerouslySetInnerHTML={
                      Object {
                        "__html": "&#8203;",
                      }
                    }
                  />
                </legend>
              </fieldset>
              <input
                aria-invalid={false}
                className="MuiInputBase-input MuiOutlinedInput-input Mui-disabled Mui-disabled"
                disabled={true}
                id="contactMiddleName"
                name="contactMiddleName"
                onBlur={[Function]}
                onChange={[Function]}
                onFocus={[Function]}
                required={false}
                type="text"
                value=""
              />
            </div>
          </div>
        </div>
      </div>
      <div
        className="MuiGrid-root MuiGrid-item MuiGrid-grid-xs-12 MuiGrid-grid-sm-12 MuiGrid-grid-md-5 MuiGrid-grid-lg-5"
      >
        <div
          className="MuiBox-root MuiBox-root-248"
        >
          <div
            className="MuiFormControl-root MuiTextField-root ajaxLabel MuiFormControl-marginNormal MuiFormControl-fullWidth"
          >
            <label
              className="MuiFormLabel-root MuiInputLabel-root MuiInputLabel-formControl MuiInputLabel-animated MuiInputLabel-shrink MuiInputLabel-outlined Mui-disabled Mui-disabled"
              data-shrink={true}
              htmlFor="contactLastName"
            >
              Last name
            </label>
            <div
              className="MuiInputBase-root MuiOutlinedInput-root Mui-disabled Mui-disabled MuiInputBase-fullWidth MuiInputBase-formControl"
              onClick={[Function]}
            >
              <fieldset
                aria-hidden={true}
                className="PrivateNotchedOutline-root-197 MuiOutlinedInput-notchedOutline"
                style={
                  Object {
                    "paddingLeft": 8,
                  }
                }
              >
                <legend
                  className="PrivateNotchedOutline-legend-198"
                  style={
                    Object {
                      "width": 0,
                    }
                  }
                >
                  <span
                    dangerouslySetInnerHTML={
                      Object {
                        "__html": "&#8203;",
                      }
                    }
                  />
                </legend>
              </fieldset>
              <input
                aria-invalid={false}
                className="MuiInputBase-input MuiOutlinedInput-input Mui-disabled Mui-disabled"
                disabled={true}
                id="contactLastName"
                name="contactLastName"
                onBlur={[Function]}
                onChange={[Function]}
                onFocus={[Function]}
                required={false}
                type="text"
                value=""
              />
            </div>
          </div>
           
        </div>
      </div>
    </div>
  </div>
</div>
`;
