// Jest Snapshot v1, https://goo.gl/fbAQLP

exports[`renders correctly 1`] = `
<div
  className="moduleContent"
>
  <table
    className="MuiTable-root"
  >
    <thead
      className="MuiTableHead-root"
    >
      <tr
        className="MuiTableRow-root MuiTableRow-head"
      >
        <th
          aria-sort={null}
          className="MuiTableCell-root MuiTableCell-head"
          scope="col"
        >
          Date
        </th>
        <th
          aria-sort={null}
          className="MuiTableCell-root MuiTableCell-head"
          scope="col"
        >
          Amount
        </th>
        <th
          aria-sort={null}
          className="MuiTableCell-root MuiTableCell-head"
          scope="col"
        >
          Transaction Type
        </th>
        <th
          aria-sort={null}
          className="MuiTableCell-root MuiTableCell-head"
          scope="col"
        >
          Payee Type
        </th>
        <th
          aria-sort={null}
          className="MuiTableCell-root MuiTableCell-head"
          scope="col"
        >
          Status
        </th>
        <th
          aria-sort={null}
          className="MuiTableCell-root MuiTableCell-head"
          scope="col"
        >
          Memo
        </th>
      </tr>
    </thead>
    <tbody
      className="MuiTableBody-root"
    />
    <tfoot
      className="MuiTableFooter-root"
    >
      <tr
        className="MuiTableRow-root MuiTableRow-footer"
      >
        <td
          aria-sort={null}
          className="MuiTableCell-root MuiTablePagination-root MuiTableCell-footer"
          colSpan={3}
        >
          <div
            className="MuiToolbar-root MuiToolbar-regular MuiTablePagination-toolbar MuiToolbar-gutters"
          >
            <div
              className="MuiTablePagination-spacer"
            />
            <span
              className="MuiTypography-root MuiTablePagination-caption MuiTypography-caption MuiTypography-colorInherit"
            >
              Rows per page:
            </span>
            <div
              className="MuiInputBase-root MuiTablePagination-input MuiTablePagination-selectRoot"
              onClick={[Function]}
            >
              <select
                aria-label="rows per page"
                className="MuiSelect-root MuiSelect-select MuiTablePagination-select MuiInputBase-input MuiInputBase-inputSelect"
                multiple={false}
                onBlur={[Function]}
                onChange={[Function]}
                onFocus={[Function]}
                value={10}
              >
                <option
                  className="MuiTablePagination-menuItem"
                  value={10}
                >
                  10
                </option>
                <option
                  className="MuiTablePagination-menuItem"
                  value={20}
                >
                  20
                </option>
                <option
                  className="MuiTablePagination-menuItem"
                  value={30}
                >
                  30
                </option>
                <option
                  className="MuiTablePagination-menuItem"
                  value={50}
                >
                  50
                </option>
                <option
                  className="MuiTablePagination-menuItem"
                  value={100}
                >
                  100
                </option>
              </select>
              <svg
                aria-hidden="true"
                className="MuiSvgIcon-root MuiSelect-icon MuiTablePagination-selectIcon"
                focusable="false"
                role="presentation"
                viewBox="0 0 24 24"
              >
                <path
                  d="M7 10l5 5 5-5z"
                />
              </svg>
            </div>
            <span
              className="MuiTypography-root MuiTablePagination-caption MuiTypography-caption MuiTypography-colorInherit"
            >
              0-0 of 0
            </span>
            <div
              className="makeStyles-root-99"
            >
              <button
                aria-label="first page"
                className="MuiButtonBase-root MuiIconButton-root Mui-disabled Mui-disabled"
                disabled={true}
                onBlur={[Function]}
                onClick={[Function]}
                onDragLeave={[Function]}
                onFocus={[Function]}
                onKeyDown={[Function]}
                onKeyUp={[Function]}
                onMouseDown={[Function]}
                onMouseLeave={[Function]}
                onMouseUp={[Function]}
                onTouchEnd={[Function]}
                onTouchMove={[Function]}
                onTouchStart={[Function]}
                tabIndex={-1}
                type="button"
              >
                <span
                  className="MuiIconButton-label"
                >
                  <svg
                    aria-hidden="true"
                    className="MuiSvgIcon-root"
                    focusable="false"
                    role="presentation"
                    viewBox="0 0 24 24"
                  >
                    <path
                      d="M18.41 16.59L13.82 12l4.59-4.59L17 6l-6 6 6 6zM6 6h2v12H6z"
                    />
                    <path
                      d="M24 24H0V0h24v24z"
                      fill="none"
                    />
                  </svg>
                </span>
              </button>
              <button
                aria-label="previous page"
                className="MuiButtonBase-root MuiIconButton-root Mui-disabled Mui-disabled"
                disabled={true}
                onBlur={[Function]}
                onClick={[Function]}
                onDragLeave={[Function]}
                onFocus={[Function]}
                onKeyDown={[Function]}
                onKeyUp={[Function]}
                onMouseDown={[Function]}
                onMouseLeave={[Function]}
                onMouseUp={[Function]}
                onTouchEnd={[Function]}
                onTouchMove={[Function]}
                onTouchStart={[Function]}
                tabIndex={-1}
                type="button"
              >
                <span
                  className="MuiIconButton-label"
                >
                  <svg
                    aria-hidden="true"
                    className="MuiSvgIcon-root"
                    focusable="false"
                    role="presentation"
                    viewBox="0 0 24 24"
                  >
                    <path
                      d="M15.41 16.59L10.83 12l4.58-4.59L14 6l-6 6 6 6 1.41-1.41z"
                    />
                    <path
                      d="M0 0h24v24H0V0z"
                      fill="none"
                    />
                  </svg>
                </span>
              </button>
              <button
                aria-label="next page"
                className="MuiButtonBase-root MuiIconButton-root Mui-disabled Mui-disabled"
                disabled={true}
                onBlur={[Function]}
                onClick={[Function]}
                onDragLeave={[Function]}
                onFocus={[Function]}
                onKeyDown={[Function]}
                onKeyUp={[Function]}
                onMouseDown={[Function]}
                onMouseLeave={[Function]}
                onMouseUp={[Function]}
                onTouchEnd={[Function]}
                onTouchMove={[Function]}
                onTouchStart={[Function]}
                tabIndex={-1}
                type="button"
              >
                <span
                  className="MuiIconButton-label"
                >
                  <svg
                    aria-hidden="true"
                    className="MuiSvgIcon-root"
                    focusable="false"
                    role="presentation"
                    viewBox="0 0 24 24"
                  >
                    <path
                      d="M8.59 16.59L13.17 12 8.59 7.41 10 6l6 6-6 6-1.41-1.41z"
                    />
                    <path
                      d="M0 0h24v24H0V0z"
                      fill="none"
                    />
                  </svg>
                </span>
              </button>
              <button
                aria-label="last page"
                className="MuiButtonBase-root MuiIconButton-root Mui-disabled Mui-disabled"
                disabled={true}
                onBlur={[Function]}
                onClick={[Function]}
                onDragLeave={[Function]}
                onFocus={[Function]}
                onKeyDown={[Function]}
                onKeyUp={[Function]}
                onMouseDown={[Function]}
                onMouseLeave={[Function]}
                onMouseUp={[Function]}
                onTouchEnd={[Function]}
                onTouchMove={[Function]}
                onTouchStart={[Function]}
                tabIndex={-1}
                type="button"
              >
                <span
                  className="MuiIconButton-label"
                >
                  <svg
                    aria-hidden="true"
                    className="MuiSvgIcon-root"
                    focusable="false"
                    role="presentation"
                    viewBox="0 0 24 24"
                  >
                    <path
                      d="M5.59 7.41L10.18 12l-4.59 4.59L7 18l6-6-6-6zM16 6h2v12h-2z"
                    />
                    <path
                      d="M0 0h24v24H0V0z"
                      fill="none"
                    />
                  </svg>
                </span>
              </button>
            </div>
          </div>
        </td>
      </tr>
    </tfoot>
  </table>
</div>
`;
